---
source: src/app/race.rs
expression: race
---
Race {
    start_time: Some(
        CoordinatedInstant(
            10000,
        ),
    ),
    finish_time: None,
    duration: None,
}
