---
source: src/app/race.rs
expression: race
---
Race {
    start_time: None,
    finish_time: None,
    duration: None,
}
