---
source: src/svc/race_node.rs
expression: "RaceNodeMessage::try_from(data).unwrap()"
---
CoordinatorBeacon(
    CoordinatorBeacon {
        time: Instant(
            2123456789,
        ),
    },
)
