---
source: src/svc/race_node.rs
expression: data
---
[
    2,
    126,
    145,
    97,
    21,
    0,
    0,
    0,
    0,
    0,
    0,
    0,
    0,
    0,
    0,
    0,
]
